// Jest Snapshot v1, https://goo.gl/fbAQLP

exports[`Loading component should render loading page 1`] = `
<div
  className="loadingScreen"
>
  ...Loading
</div>
`;
